<?xml version="1.0" encoding="UTF-8"?>
<TestRun id="7bc952a9-6b7f-463e-a4a9-2c314d044a43" name="Dorry@DORRY-PC 2013-09-25 23:53:24" runUser="Dorry-PC\Dorry" xmlns="http://microsoft.com/schemas/VisualStudio/TeamTest/2010">
  <TestSettings name="Local" id="19c77609-d6a7-4c1d-b468-72eb81cbdb6a">
    <Description>These are default test settings for a local test run.</Description>
    <Deployment enabled="false" runDeploymentRoot="Dorry_DORRY-PC 2013-09-25 23_53_24">
      <DeploymentItem filename="D:\School\Projects\LePic\LePic\bin\Debug\LePic.dll" />
    </Deployment>
    <Execution>
      <TestTypeSpecific />
      <AgentRule name="Execution Agents">
      </AgentRule>
    </Execution>
  </TestSettings>
  <Times creation="2013-09-25T23:53:24.4885385+03:00" queuing="2013-09-25T23:53:33.0830301+03:00" start="2013-09-25T23:53:33.5590573+03:00" finish="2013-09-25T23:53:36.0151978+03:00" />
  <ResultSummary outcome="Completed">
    <Counters total="1" executed="1" passed="1" error="0" failed="0" timeout="0" aborted="0" inconclusive="0" passedButRunAborted="0" notRunnable="0" notExecuted="0" disconnected="0" warning="0" completed="0" inProgress="0" pending="0" />
  </ResultSummary>
  <TestDefinitions>
    <UnitTest name="GetSetBookCode" storage="d:\school\projects\lepic\lepicunittest\bin\debug\lepicunittest.dll" id="550e1c5b-b84d-4245-88c7-5a7908f790e8">
      <Execution id="62a0e31a-c36a-4c1d-92d7-ac414ce997df" />
      <TestMethod codeBase="D:/School/Projects/LePic/LepicUnitTest/bin/Debug/LepicUnitTest.DLL" adapterTypeName="Microsoft.VisualStudio.TestTools.TestTypes.Unit.UnitTestAdapter, Microsoft.VisualStudio.QualityTools.Tips.UnitTest.Adapter, Version=10.0.0.0, Culture=neutral, PublicKeyToken=b03f5f7f11d50a3a" className="LepicUnitTest.BookTest, LepicUnitTest, Version=1.0.0.0, Culture=neutral, PublicKeyToken=null" name="GetSetBookCode" />
    </UnitTest>
  </TestDefinitions>
  <TestLists>
    <TestList name="Results Not in a List" id="8c84fa94-04c1-424b-9868-57a2d4851a1d" />
    <TestList name="All Loaded Results" id="19431567-8539-422a-85d7-44ee4e166bda" />
  </TestLists>
  <TestEntries>
    <TestEntry testId="550e1c5b-b84d-4245-88c7-5a7908f790e8" executionId="62a0e31a-c36a-4c1d-92d7-ac414ce997df" testListId="8c84fa94-04c1-424b-9868-57a2d4851a1d" />
  </TestEntries>
  <Results>
    <UnitTestResult executionId="62a0e31a-c36a-4c1d-92d7-ac414ce997df" testId="550e1c5b-b84d-4245-88c7-5a7908f790e8" testName="GetSetBookCode" computerName="DORRY-PC" duration="00:00:00.2671016" startTime="2013-09-25T23:53:33.6380619+03:00" endTime="2013-09-25T23:53:35.9141920+03:00" testType="13cdc9d9-ddb5-4fa4-a97d-d965ccfc6d4b" outcome="Passed" testListId="8c84fa94-04c1-424b-9868-57a2d4851a1d" relativeResultsDirectory="62a0e31a-c36a-4c1d-92d7-ac414ce997df">
    </UnitTestResult>
  </Results>
</TestRun>